{
    "1fjs_protein[pdb]": {
        "content": [
            {
                "0": [
                    [
                        {
                            "id": "1fjs"
                        },
                        "1fjs_processed.gro:md5,439e4304437c22e60b8a4300069c2509"
                    ]
                ],
                "1": [
                    [
                        {
                            "id": "1fjs"
                        },
                        "1fjs_topol.top:md5,ddacd66c6b009af725772d77b44b0952"
                    ]
                ],
                "2": [
                    [
                        {
                            "id": "1fjs"
                        },
                        [
                            "1fjs_posre_Protein_chain_A.itp:md5,908b0308e85a68d038e77e005b53ec41",
                            "1fjs_posre_Protein_chain_L.itp:md5,cac419e91aed41e5e9eed6b0a4ba71d2",
                            "1fjs_topol_Protein_chain_A.itp:md5,ffb4d08c81851bb2b06db94a9e6afed5",
                            "1fjs_topol_Protein_chain_L.itp:md5,8e34006b01d70f6159fccd5d51de08e3"
                        ]
                    ]
                ],
                "3": [
                    "versions.yml:md5,a6297bdeaa47b4311c23eeb3f0ddfd40"
                ],
                "include_topology": [
                    [
                        {
                            "id": "1fjs"
                        },
                        [
                            "1fjs_posre_Protein_chain_A.itp:md5,908b0308e85a68d038e77e005b53ec41",
                            "1fjs_posre_Protein_chain_L.itp:md5,cac419e91aed41e5e9eed6b0a4ba71d2",
                            "1fjs_topol_Protein_chain_A.itp:md5,ffb4d08c81851bb2b06db94a9e6afed5",
                            "1fjs_topol_Protein_chain_L.itp:md5,8e34006b01d70f6159fccd5d51de08e3"
                        ]
                    ]
                ],
                "structure": [
                    [
                        {
                            "id": "1fjs"
                        },
                        "1fjs_processed.gro:md5,439e4304437c22e60b8a4300069c2509"
                    ]
                ],
                "topology": [
                    [
                        {
                            "id": "1fjs"
                        },
                        "1fjs_topol.top:md5,ddacd66c6b009af725772d77b44b0952"
                    ]
                ],
                "versions": [
                    "versions.yml:md5,a6297bdeaa47b4311c23eeb3f0ddfd40"
                ]
            }
        ],
        "meta": {
            "nf-test": "0.9.2",
            "nextflow": "24.10.3"
        },
        "timestamp": "2025-01-16T17:56:53.276971962"
    }
}